Timing Analyzer report for pdm_synth
Sun Dec 30 16:53:48 2018
Quartus Prime Version 18.1.0 Build 625 09/12/2018 SJ Lite Edition


---------------------
; Table of Contents ;
---------------------
  1. Legal Notice
  2. Timing Analyzer Summary
  3. Parallel Compilation
  4. Clocks
  5. Slow 1100mV 85C Model Fmax Summary
  6. Timing Closure Recommendations
  7. Slow 1100mV 85C Model Setup Summary
  8. Slow 1100mV 85C Model Hold Summary
  9. Slow 1100mV 85C Model Recovery Summary
 10. Slow 1100mV 85C Model Removal Summary
 11. Slow 1100mV 85C Model Minimum Pulse Width Summary
 12. Slow 1100mV 85C Model Metastability Summary
 13. Slow 1100mV 0C Model Fmax Summary
 14. Slow 1100mV 0C Model Setup Summary
 15. Slow 1100mV 0C Model Hold Summary
 16. Slow 1100mV 0C Model Recovery Summary
 17. Slow 1100mV 0C Model Removal Summary
 18. Slow 1100mV 0C Model Minimum Pulse Width Summary
 19. Slow 1100mV 0C Model Metastability Summary
 20. Fast 1100mV 85C Model Setup Summary
 21. Fast 1100mV 85C Model Hold Summary
 22. Fast 1100mV 85C Model Recovery Summary
 23. Fast 1100mV 85C Model Removal Summary
 24. Fast 1100mV 85C Model Minimum Pulse Width Summary
 25. Fast 1100mV 85C Model Metastability Summary
 26. Fast 1100mV 0C Model Setup Summary
 27. Fast 1100mV 0C Model Hold Summary
 28. Fast 1100mV 0C Model Recovery Summary
 29. Fast 1100mV 0C Model Removal Summary
 30. Fast 1100mV 0C Model Minimum Pulse Width Summary
 31. Fast 1100mV 0C Model Metastability Summary
 32. Multicorner Timing Analysis Summary
 33. Board Trace Model Assignments
 34. Input Transition Times
 35. Signal Integrity Metrics (Slow 1100mv 0c Model)
 36. Signal Integrity Metrics (Slow 1100mv 85c Model)
 37. Signal Integrity Metrics (Fast 1100mv 0c Model)
 38. Signal Integrity Metrics (Fast 1100mv 85c Model)
 39. Setup Transfers
 40. Hold Transfers
 41. Recovery Transfers
 42. Removal Transfers
 43. Report TCCS
 44. Report RSKM
 45. Unconstrained Paths Summary
 46. Clock Status Summary
 47. Unconstrained Input Ports
 48. Unconstrained Output Ports
 49. Unconstrained Input Ports
 50. Unconstrained Output Ports
 51. Timing Analyzer Messages



----------------
; Legal Notice ;
----------------
Copyright (C) 2018  Intel Corporation. All rights reserved.
Your use of Intel Corporation's design tools, logic functions 
and other software and tools, and its AMPP partner logic 
functions, and any output files from any of the foregoing 
(including device programming or simulation files), and any 
associated documentation or information are expressly subject 
to the terms and conditions of the Intel Program License 
Subscription Agreement, the Intel Quartus Prime License Agreement,
the Intel FPGA IP License Agreement, or other applicable license
agreement, including, without limitation, that your use is for
the sole purpose of programming logic devices manufactured by
Intel and sold by Intel or its authorized distributors.  Please
refer to the applicable agreement for further details.



+-----------------------------------------------------------------------------+
; Timing Analyzer Summary                                                     ;
+-----------------------+-----------------------------------------------------+
; Quartus Prime Version ; Version 18.1.0 Build 625 09/12/2018 SJ Lite Edition ;
; Timing Analyzer       ; Legacy Timing Analyzer                              ;
; Revision Name         ; pdm_synth                                           ;
; Device Family         ; Cyclone V                                           ;
; Device Name           ; 5CEBA4F23C7                                         ;
; Timing Models         ; Final                                               ;
; Delay Model           ; Combined                                            ;
; Rise/Fall Delays      ; Enabled                                             ;
+-----------------------+-----------------------------------------------------+


+------------------------------------------+
; Parallel Compilation                     ;
+----------------------------+-------------+
; Processors                 ; Number      ;
+----------------------------+-------------+
; Number detected on machine ; 8           ;
; Maximum allowed            ; 8           ;
;                            ;             ;
; Average used               ; 1.50        ;
; Maximum used               ; 8           ;
;                            ;             ;
; Usage by Processor         ; % Time Used ;
;     Processor 1            ; 100.0%      ;
;     Processor 2            ;   8.0%      ;
;     Processor 3            ;   7.8%      ;
;     Processor 4            ;   7.7%      ;
;     Processor 5            ;   6.7%      ;
;     Processor 6            ;   6.7%      ;
;     Processor 7            ;   6.7%      ;
;     Processor 8            ;   6.6%      ;
+----------------------------+-------------+


+--------------------------------------------------------------------------------------------------------------------------------------------------------------------------------------------------------------------------+
; Clocks                                                                                                                                                                                                                   ;
+-----------------------------+------+--------+------------+-------+-------+------------+-----------+-------------+-------+--------+-----------+------------+----------+--------+--------+---------------------------------+
; Clock Name                  ; Type ; Period ; Frequency  ; Rise  ; Fall  ; Duty Cycle ; Divide by ; Multiply by ; Phase ; Offset ; Edge List ; Edge Shift ; Inverted ; Master ; Source ; Targets                         ;
+-----------------------------+------+--------+------------+-------+-------+------------+-----------+-------------+-------+--------+-----------+------------+----------+--------+--------+---------------------------------+
; CLK                         ; Base ; 1.000  ; 1000.0 MHz ; 0.000 ; 0.500 ;            ;           ;             ;       ;        ;           ;            ;          ;        ;        ; { CLK }                         ;
; RST                         ; Base ; 1.000  ; 1000.0 MHz ; 0.000 ; 0.500 ;            ;           ;             ;       ;        ;           ;            ;          ;        ;        ; { RST }                         ;
; SWNO:U1|DWN_CLK:U1|LO_CLK   ; Base ; 1.000  ; 1000.0 MHz ; 0.000 ; 0.500 ;            ;           ;             ;       ;        ;           ;            ;          ;        ;        ; { SWNO:U1|DWN_CLK:U1|LO_CLK }   ;
; SWNO:U1|MIDI_DATA[0]        ; Base ; 1.000  ; 1000.0 MHz ; 0.000 ; 0.500 ;            ;           ;             ;       ;        ;           ;            ;          ;        ;        ; { SWNO:U1|MIDI_DATA[0] }        ;
; WAVGEN:U2|DWN_CLK:U2|LO_CLK ; Base ; 1.000  ; 1000.0 MHz ; 0.000 ; 0.500 ;            ;           ;             ;       ;        ;           ;            ;          ;        ;        ; { WAVGEN:U2|DWN_CLK:U2|LO_CLK } ;
+-----------------------------+------+--------+------------+-------+-------+------------+-----------+-------------+-------+--------+-----------+------------+----------+--------+--------+---------------------------------+


+-------------------------------------------------------------------+
; Slow 1100mV 85C Model Fmax Summary                                ;
+------------+-----------------+-----------------------------+------+
; Fmax       ; Restricted Fmax ; Clock Name                  ; Note ;
+------------+-----------------+-----------------------------+------+
; 141.92 MHz ; 141.92 MHz      ; WAVGEN:U2|DWN_CLK:U2|LO_CLK ;      ;
; 179.24 MHz ; 179.24 MHz      ; CLK                         ;      ;
; 183.28 MHz ; 183.28 MHz      ; SWNO:U1|DWN_CLK:U1|LO_CLK   ;      ;
+------------+-----------------+-----------------------------+------+
This panel reports FMAX for every clock in the design, regardless of the user-specified clock periods.  FMAX is only computed for paths where the source and destination registers or ports are driven by the same clock.  Paths of different clocks, including generated clocks, are ignored.  For paths between a clock and its inversion, FMAX is computed as if the rising and falling edges are scaled along with FMAX, such that the duty cycle (in terms of a percentage) is maintained. Altera recommends that you always use clock constraints and other slack reports for sign-off analysis.


----------------------------------
; Timing Closure Recommendations ;
----------------------------------
HTML report is unavailable in plain text report export.


+------------------------------------------------------+
; Slow 1100mV 85C Model Setup Summary                  ;
+-----------------------------+--------+---------------+
; Clock                       ; Slack  ; End Point TNS ;
+-----------------------------+--------+---------------+
; CLK                         ; -7.947 ; -300.739      ;
; RST                         ; -6.306 ; -74.578       ;
; WAVGEN:U2|DWN_CLK:U2|LO_CLK ; -6.046 ; -175.217      ;
; SWNO:U1|DWN_CLK:U1|LO_CLK   ; -4.456 ; -242.389      ;
; SWNO:U1|MIDI_DATA[0]        ; -3.557 ; -15.223       ;
+-----------------------------+--------+---------------+


+------------------------------------------------------+
; Slow 1100mV 85C Model Hold Summary                   ;
+-----------------------------+--------+---------------+
; Clock                       ; Slack  ; End Point TNS ;
+-----------------------------+--------+---------------+
; RST                         ; -2.345 ; -7.445        ;
; SWNO:U1|MIDI_DATA[0]        ; -1.003 ; -2.926        ;
; CLK                         ; -0.544 ; -0.707        ;
; WAVGEN:U2|DWN_CLK:U2|LO_CLK ; -0.076 ; -0.115        ;
; SWNO:U1|DWN_CLK:U1|LO_CLK   ; 0.307  ; 0.000         ;
+-----------------------------+--------+---------------+


+------------------------------------------------------+
; Slow 1100mV 85C Model Recovery Summary               ;
+-----------------------------+--------+---------------+
; Clock                       ; Slack  ; End Point TNS ;
+-----------------------------+--------+---------------+
; WAVGEN:U2|DWN_CLK:U2|LO_CLK ; -4.133 ; -122.679      ;
; CLK                         ; -3.874 ; -205.070      ;
+-----------------------------+--------+---------------+


+-----------------------------------------------------+
; Slow 1100mV 85C Model Removal Summary               ;
+-----------------------------+-------+---------------+
; Clock                       ; Slack ; End Point TNS ;
+-----------------------------+-------+---------------+
; WAVGEN:U2|DWN_CLK:U2|LO_CLK ; 1.176 ; 0.000         ;
; CLK                         ; 1.321 ; 0.000         ;
+-----------------------------+-------+---------------+


+------------------------------------------------------+
; Slow 1100mV 85C Model Minimum Pulse Width Summary    ;
+-----------------------------+--------+---------------+
; Clock                       ; Slack  ; End Point TNS ;
+-----------------------------+--------+---------------+
; CLK                         ; -0.547 ; -48.845       ;
; SWNO:U1|DWN_CLK:U1|LO_CLK   ; -0.538 ; -45.129       ;
; SWNO:U1|MIDI_DATA[0]        ; 0.184  ; 0.000         ;
; WAVGEN:U2|DWN_CLK:U2|LO_CLK ; 0.243  ; 0.000         ;
; RST                         ; 0.250  ; 0.000         ;
+-----------------------------+--------+---------------+


-----------------------------------------------
; Slow 1100mV 85C Model Metastability Summary ;
-----------------------------------------------
No synchronizer chains to report.


+-------------------------------------------------------------------+
; Slow 1100mV 0C Model Fmax Summary                                 ;
+------------+-----------------+-----------------------------+------+
; Fmax       ; Restricted Fmax ; Clock Name                  ; Note ;
+------------+-----------------+-----------------------------+------+
; 142.29 MHz ; 142.29 MHz      ; WAVGEN:U2|DWN_CLK:U2|LO_CLK ;      ;
; 179.15 MHz ; 179.15 MHz      ; CLK                         ;      ;
; 185.08 MHz ; 185.08 MHz      ; SWNO:U1|DWN_CLK:U1|LO_CLK   ;      ;
+------------+-----------------+-----------------------------+------+
This panel reports FMAX for every clock in the design, regardless of the user-specified clock periods.  FMAX is only computed for paths where the source and destination registers or ports are driven by the same clock.  Paths of different clocks, including generated clocks, are ignored.  For paths between a clock and its inversion, FMAX is computed as if the rising and falling edges are scaled along with FMAX, such that the duty cycle (in terms of a percentage) is maintained. Altera recommends that you always use clock constraints and other slack reports for sign-off analysis.


+------------------------------------------------------+
; Slow 1100mV 0C Model Setup Summary                   ;
+-----------------------------+--------+---------------+
; Clock                       ; Slack  ; End Point TNS ;
+-----------------------------+--------+---------------+
; CLK                         ; -7.855 ; -298.839      ;
; RST                         ; -6.295 ; -73.275       ;
; WAVGEN:U2|DWN_CLK:U2|LO_CLK ; -6.028 ; -176.729      ;
; SWNO:U1|DWN_CLK:U1|LO_CLK   ; -4.403 ; -238.157      ;
; SWNO:U1|MIDI_DATA[0]        ; -3.531 ; -14.801       ;
+-----------------------------+--------+---------------+


+------------------------------------------------------+
; Slow 1100mV 0C Model Hold Summary                    ;
+-----------------------------+--------+---------------+
; Clock                       ; Slack  ; End Point TNS ;
+-----------------------------+--------+---------------+
; RST                         ; -2.336 ; -8.446        ;
; SWNO:U1|MIDI_DATA[0]        ; -1.060 ; -3.126        ;
; CLK                         ; -0.682 ; -1.179        ;
; WAVGEN:U2|DWN_CLK:U2|LO_CLK ; -0.092 ; -0.092        ;
; SWNO:U1|DWN_CLK:U1|LO_CLK   ; 0.344  ; 0.000         ;
+-----------------------------+--------+---------------+


+------------------------------------------------------+
; Slow 1100mV 0C Model Recovery Summary                ;
+-----------------------------+--------+---------------+
; Clock                       ; Slack  ; End Point TNS ;
+-----------------------------+--------+---------------+
; WAVGEN:U2|DWN_CLK:U2|LO_CLK ; -4.141 ; -122.108      ;
; CLK                         ; -3.794 ; -183.837      ;
+-----------------------------+--------+---------------+


+-----------------------------------------------------+
; Slow 1100mV 0C Model Removal Summary                ;
+-----------------------------+-------+---------------+
; Clock                       ; Slack ; End Point TNS ;
+-----------------------------+-------+---------------+
; CLK                         ; 1.012 ; 0.000         ;
; WAVGEN:U2|DWN_CLK:U2|LO_CLK ; 1.152 ; 0.000         ;
+-----------------------------+-------+---------------+


+------------------------------------------------------+
; Slow 1100mV 0C Model Minimum Pulse Width Summary     ;
+-----------------------------+--------+---------------+
; Clock                       ; Slack  ; End Point TNS ;
+-----------------------------+--------+---------------+
; CLK                         ; -0.600 ; -50.224       ;
; SWNO:U1|DWN_CLK:U1|LO_CLK   ; -0.538 ; -45.125       ;
; SWNO:U1|MIDI_DATA[0]        ; 0.218  ; 0.000         ;
; RST                         ; 0.273  ; 0.000         ;
; WAVGEN:U2|DWN_CLK:U2|LO_CLK ; 0.277  ; 0.000         ;
+-----------------------------+--------+---------------+


----------------------------------------------
; Slow 1100mV 0C Model Metastability Summary ;
----------------------------------------------
No synchronizer chains to report.


+------------------------------------------------------+
; Fast 1100mV 85C Model Setup Summary                  ;
+-----------------------------+--------+---------------+
; Clock                       ; Slack  ; End Point TNS ;
+-----------------------------+--------+---------------+
; CLK                         ; -3.888 ; -131.831      ;
; RST                         ; -3.148 ; -36.388       ;
; WAVGEN:U2|DWN_CLK:U2|LO_CLK ; -2.522 ; -69.917       ;
; SWNO:U1|DWN_CLK:U1|LO_CLK   ; -1.811 ; -97.464       ;
; SWNO:U1|MIDI_DATA[0]        ; -1.500 ; -5.405        ;
+-----------------------------+--------+---------------+


+------------------------------------------------------+
; Fast 1100mV 85C Model Hold Summary                   ;
+-----------------------------+--------+---------------+
; Clock                       ; Slack  ; End Point TNS ;
+-----------------------------+--------+---------------+
; RST                         ; -1.249 ; -3.533        ;
; SWNO:U1|MIDI_DATA[0]        ; -0.488 ; -1.503        ;
; CLK                         ; -0.452 ; -1.002        ;
; WAVGEN:U2|DWN_CLK:U2|LO_CLK ; 0.084  ; 0.000         ;
; SWNO:U1|DWN_CLK:U1|LO_CLK   ; 0.128  ; 0.000         ;
+-----------------------------+--------+---------------+


+------------------------------------------------------+
; Fast 1100mV 85C Model Recovery Summary               ;
+-----------------------------+--------+---------------+
; Clock                       ; Slack  ; End Point TNS ;
+-----------------------------+--------+---------------+
; CLK                         ; -2.861 ; -120.117      ;
; WAVGEN:U2|DWN_CLK:U2|LO_CLK ; -1.963 ; -59.196       ;
+-----------------------------+--------+---------------+


+-----------------------------------------------------+
; Fast 1100mV 85C Model Removal Summary               ;
+-----------------------------+-------+---------------+
; Clock                       ; Slack ; End Point TNS ;
+-----------------------------+-------+---------------+
; CLK                         ; 0.475 ; 0.000         ;
; WAVGEN:U2|DWN_CLK:U2|LO_CLK ; 0.592 ; 0.000         ;
+-----------------------------+-------+---------------+


+------------------------------------------------------+
; Fast 1100mV 85C Model Minimum Pulse Width Summary    ;
+-----------------------------+--------+---------------+
; Clock                       ; Slack  ; End Point TNS ;
+-----------------------------+--------+---------------+
; CLK                         ; -0.507 ; -6.354        ;
; SWNO:U1|DWN_CLK:U1|LO_CLK   ; -0.045 ; -0.045        ;
; RST                         ; 0.000  ; 0.000         ;
; SWNO:U1|MIDI_DATA[0]        ; 0.238  ; 0.000         ;
; WAVGEN:U2|DWN_CLK:U2|LO_CLK ; 0.328  ; 0.000         ;
+-----------------------------+--------+---------------+


-----------------------------------------------
; Fast 1100mV 85C Model Metastability Summary ;
-----------------------------------------------
No synchronizer chains to report.


+------------------------------------------------------+
; Fast 1100mV 0C Model Setup Summary                   ;
+-----------------------------+--------+---------------+
; Clock                       ; Slack  ; End Point TNS ;
+-----------------------------+--------+---------------+
; CLK                         ; -3.255 ; -114.455      ;
; RST                         ; -2.664 ; -30.155       ;
; WAVGEN:U2|DWN_CLK:U2|LO_CLK ; -2.167 ; -60.779       ;
; SWNO:U1|DWN_CLK:U1|LO_CLK   ; -1.600 ; -86.030       ;
; SWNO:U1|MIDI_DATA[0]        ; -1.363 ; -4.781        ;
+-----------------------------+--------+---------------+


+------------------------------------------------------+
; Fast 1100mV 0C Model Hold Summary                    ;
+-----------------------------+--------+---------------+
; Clock                       ; Slack  ; End Point TNS ;
+-----------------------------+--------+---------------+
; RST                         ; -1.190 ; -3.780        ;
; CLK                         ; -0.559 ; -2.916        ;
; SWNO:U1|MIDI_DATA[0]        ; -0.440 ; -1.285        ;
; WAVGEN:U2|DWN_CLK:U2|LO_CLK ; 0.073  ; 0.000         ;
; SWNO:U1|DWN_CLK:U1|LO_CLK   ; 0.127  ; 0.000         ;
+-----------------------------+--------+---------------+


+------------------------------------------------------+
; Fast 1100mV 0C Model Recovery Summary                ;
+-----------------------------+--------+---------------+
; Clock                       ; Slack  ; End Point TNS ;
+-----------------------------+--------+---------------+
; CLK                         ; -2.551 ; -101.768      ;
; WAVGEN:U2|DWN_CLK:U2|LO_CLK ; -1.880 ; -56.598       ;
+-----------------------------+--------+---------------+


+-----------------------------------------------------+
; Fast 1100mV 0C Model Removal Summary                ;
+-----------------------------+-------+---------------+
; Clock                       ; Slack ; End Point TNS ;
+-----------------------------+-------+---------------+
; CLK                         ; 0.285 ; 0.000         ;
; WAVGEN:U2|DWN_CLK:U2|LO_CLK ; 0.525 ; 0.000         ;
+-----------------------------+-------+---------------+


+------------------------------------------------------+
; Fast 1100mV 0C Model Minimum Pulse Width Summary     ;
+-----------------------------+--------+---------------+
; Clock                       ; Slack  ; End Point TNS ;
+-----------------------------+--------+---------------+
; CLK                         ; -0.511 ; -6.547        ;
; SWNO:U1|DWN_CLK:U1|LO_CLK   ; -0.022 ; -0.022        ;
; RST                         ; -0.001 ; -0.001        ;
; SWNO:U1|MIDI_DATA[0]        ; 0.287  ; 0.000         ;
; WAVGEN:U2|DWN_CLK:U2|LO_CLK ; 0.355  ; 0.000         ;
+-----------------------------+--------+---------------+


----------------------------------------------
; Fast 1100mV 0C Model Metastability Summary ;
----------------------------------------------
No synchronizer chains to report.


+----------------------------------------------------------------------------------------------+
; Multicorner Timing Analysis Summary                                                          ;
+------------------------------+----------+---------+----------+---------+---------------------+
; Clock                        ; Setup    ; Hold    ; Recovery ; Removal ; Minimum Pulse Width ;
+------------------------------+----------+---------+----------+---------+---------------------+
; Worst-case Slack             ; -7.947   ; -2.345  ; -4.141   ; 0.285   ; -0.600              ;
;  CLK                         ; -7.947   ; -0.682  ; -3.874   ; 0.285   ; -0.600              ;
;  RST                         ; -6.306   ; -2.345  ; N/A      ; N/A     ; -0.001              ;
;  SWNO:U1|DWN_CLK:U1|LO_CLK   ; -4.456   ; 0.127   ; N/A      ; N/A     ; -0.538              ;
;  SWNO:U1|MIDI_DATA[0]        ; -3.557   ; -1.060  ; N/A      ; N/A     ; 0.184               ;
;  WAVGEN:U2|DWN_CLK:U2|LO_CLK ; -6.046   ; -0.092  ; -4.141   ; 0.525   ; 0.243               ;
; Design-wide TNS              ; -808.146 ; -12.843 ; -327.749 ; 0.0     ; -95.349             ;
;  CLK                         ; -300.739 ; -2.916  ; -205.070 ; 0.000   ; -50.224             ;
;  RST                         ; -74.578  ; -8.446  ; N/A      ; N/A     ; -0.001              ;
;  SWNO:U1|DWN_CLK:U1|LO_CLK   ; -242.389 ; 0.000   ; N/A      ; N/A     ; -45.129             ;
;  SWNO:U1|MIDI_DATA[0]        ; -15.223  ; -3.126  ; N/A      ; N/A     ; 0.000               ;
;  WAVGEN:U2|DWN_CLK:U2|LO_CLK ; -176.729 ; -0.115  ; -122.679 ; 0.000   ; 0.000               ;
+------------------------------+----------+---------+----------+---------+---------------------+


+------------------------------------------------------------------------------------------------------------------------------------------------------------------------------------------------------------------------------------------------------------------------------------------------------------------------------------------------------------------------------------------------------------+
; Board Trace Model Assignments                                                                                                                                                                                                                                                                                                                                                                              ;
+---------+--------------+-------------------+-------------------------+-------------------------+---------------+---------------------+----------------+------------------+--------+------------------+------------------------+------------------------+--------------+---------------+-----------------+-------+---------------------+--------------------+---------------+-----------------+-------------+
; Pin     ; I/O Standard ; Near Tline Length ; Near Tline L per Length ; Near Tline C per Length ; Near Series R ; Near Differential R ; Near Pull-up R ; Near Pull-down R ; Near C ; Far Tline Length ; Far Tline L per Length ; Far Tline C per Length ; Far Series R ; Far Pull-up R ; Far Pull-down R ; Far C ; Termination Voltage ; Far Differential R ; EBD File Name ; EBD Signal Name ; EBD Far-end ;
+---------+--------------+-------------------+-------------------------+-------------------------+---------------+---------------------+----------------+------------------+--------+------------------+------------------------+------------------------+--------------+---------------+-----------------+-------+---------------------+--------------------+---------------+-----------------+-------------+
; Mod_out ; 2.5 V        ; 0 in              ; 0 H/in                  ; 0 F/in                  ; short         ; -                   ; open           ; open             ; open   ; 0 in             ; 0 H/in                 ; 0 F/in                 ; short        ; open          ; open            ; open  ; 0 V                 ; -                  ; n/a           ; n/a             ; n/a         ;
+---------+--------------+-------------------+-------------------------+-------------------------+---------------+---------------------+----------------+------------------+--------+------------------+------------------------+------------------------+--------------+---------------+-----------------+-------+---------------------+--------------------+---------------+-----------------+-------------+


+------------------------------------------------------------+
; Input Transition Times                                     ;
+---------+--------------+-----------------+-----------------+
; Pin     ; I/O Standard ; 10-90 Rise Time ; 90-10 Fall Time ;
+---------+--------------+-----------------+-----------------+
; RST     ; 2.5 V        ; 2000 ps         ; 2000 ps         ;
; CLK     ; 2.5 V        ; 2000 ps         ; 2000 ps         ;
; MIDI_IN ; 2.5 V        ; 2000 ps         ; 2000 ps         ;
+---------+--------------+-----------------+-----------------+


+--------------------------------------------------------------------------------------------------------------------------------------------------------------------------------------------------------------------------------------------------------------------------------------------------------------------------------------------------------------------------------------------------------------------------------------------------------------------------------------------------------------------------------------------------------------------------------------------------------------------------------------------------------------------------------------+
; Signal Integrity Metrics (Slow 1100mv 0c Model)                                                                                                                                                                                                                                                                                                                                                                                                                                                                                                                                                                                                                                      ;
+---------+--------------+---------------------+---------------------+------------------------------+------------------------------+---------------------+---------------------+--------------------------------------+--------------------------------------+-----------------------------+-----------------------------+----------------------------+----------------------------+-----------------------------+-----------------------------+--------------------+--------------------+-------------------------------------+-------------------------------------+----------------------------+----------------------------+---------------------------+---------------------------+
; Pin     ; I/O Standard ; Board Delay on Rise ; Board Delay on Fall ; Steady State Voh at FPGA Pin ; Steady State Vol at FPGA Pin ; Voh Max at FPGA Pin ; Vol Min at FPGA Pin ; Ringback Voltage on Rise at FPGA Pin ; Ringback Voltage on Fall at FPGA Pin ; 10-90 Rise Time at FPGA Pin ; 90-10 Fall Time at FPGA Pin ; Monotonic Rise at FPGA Pin ; Monotonic Fall at FPGA Pin ; Steady State Voh at Far-end ; Steady State Vol at Far-end ; Voh Max at Far-end ; Vol Min at Far-end ; Ringback Voltage on Rise at Far-end ; Ringback Voltage on Fall at Far-end ; 10-90 Rise Time at Far-end ; 90-10 Fall Time at Far-end ; Monotonic Rise at Far-end ; Monotonic Fall at Far-end ;
+---------+--------------+---------------------+---------------------+------------------------------+------------------------------+---------------------+---------------------+--------------------------------------+--------------------------------------+-----------------------------+-----------------------------+----------------------------+----------------------------+-----------------------------+-----------------------------+--------------------+--------------------+-------------------------------------+-------------------------------------+----------------------------+----------------------------+---------------------------+---------------------------+
; Mod_out ; 2.5 V        ; 0 s                 ; 0 s                 ; 2.32 V                       ; 2.15e-07 V                   ; 2.41 V              ; -0.0492 V           ; 0.181 V                              ; 0.116 V                              ; 4.54e-10 s                  ; 4.44e-10 s                  ; No                         ; Yes                        ; 2.32 V                      ; 2.15e-07 V                  ; 2.41 V             ; -0.0492 V          ; 0.181 V                             ; 0.116 V                             ; 4.54e-10 s                 ; 4.44e-10 s                 ; No                        ; Yes                       ;
+---------+--------------+---------------------+---------------------+------------------------------+------------------------------+---------------------+---------------------+--------------------------------------+--------------------------------------+-----------------------------+-----------------------------+----------------------------+----------------------------+-----------------------------+-----------------------------+--------------------+--------------------+-------------------------------------+-------------------------------------+----------------------------+----------------------------+---------------------------+---------------------------+


+--------------------------------------------------------------------------------------------------------------------------------------------------------------------------------------------------------------------------------------------------------------------------------------------------------------------------------------------------------------------------------------------------------------------------------------------------------------------------------------------------------------------------------------------------------------------------------------------------------------------------------------------------------------------------------------+
; Signal Integrity Metrics (Slow 1100mv 85c Model)                                                                                                                                                                                                                                                                                                                                                                                                                                                                                                                                                                                                                                     ;
+---------+--------------+---------------------+---------------------+------------------------------+------------------------------+---------------------+---------------------+--------------------------------------+--------------------------------------+-----------------------------+-----------------------------+----------------------------+----------------------------+-----------------------------+-----------------------------+--------------------+--------------------+-------------------------------------+-------------------------------------+----------------------------+----------------------------+---------------------------+---------------------------+
; Pin     ; I/O Standard ; Board Delay on Rise ; Board Delay on Fall ; Steady State Voh at FPGA Pin ; Steady State Vol at FPGA Pin ; Voh Max at FPGA Pin ; Vol Min at FPGA Pin ; Ringback Voltage on Rise at FPGA Pin ; Ringback Voltage on Fall at FPGA Pin ; 10-90 Rise Time at FPGA Pin ; 90-10 Fall Time at FPGA Pin ; Monotonic Rise at FPGA Pin ; Monotonic Fall at FPGA Pin ; Steady State Voh at Far-end ; Steady State Vol at Far-end ; Voh Max at Far-end ; Vol Min at Far-end ; Ringback Voltage on Rise at Far-end ; Ringback Voltage on Fall at Far-end ; 10-90 Rise Time at Far-end ; 90-10 Fall Time at Far-end ; Monotonic Rise at Far-end ; Monotonic Fall at Far-end ;
+---------+--------------+---------------------+---------------------+------------------------------+------------------------------+---------------------+---------------------+--------------------------------------+--------------------------------------+-----------------------------+-----------------------------+----------------------------+----------------------------+-----------------------------+-----------------------------+--------------------+--------------------+-------------------------------------+-------------------------------------+----------------------------+----------------------------+---------------------------+---------------------------+
; Mod_out ; 2.5 V        ; 0 s                 ; 0 s                 ; 2.32 V                       ; 2.52e-05 V                   ; 2.38 V              ; -0.032 V            ; 0.204 V                              ; 0.181 V                              ; 4.74e-10 s                  ; 4.85e-10 s                  ; No                         ; Yes                        ; 2.32 V                      ; 2.52e-05 V                  ; 2.38 V             ; -0.032 V           ; 0.204 V                             ; 0.181 V                             ; 4.74e-10 s                 ; 4.85e-10 s                 ; No                        ; Yes                       ;
+---------+--------------+---------------------+---------------------+------------------------------+------------------------------+---------------------+---------------------+--------------------------------------+--------------------------------------+-----------------------------+-----------------------------+----------------------------+----------------------------+-----------------------------+-----------------------------+--------------------+--------------------+-------------------------------------+-------------------------------------+----------------------------+----------------------------+---------------------------+---------------------------+


+--------------------------------------------------------------------------------------------------------------------------------------------------------------------------------------------------------------------------------------------------------------------------------------------------------------------------------------------------------------------------------------------------------------------------------------------------------------------------------------------------------------------------------------------------------------------------------------------------------------------------------------------------------------------------------------+
; Signal Integrity Metrics (Fast 1100mv 0c Model)                                                                                                                                                                                                                                                                                                                                                                                                                                                                                                                                                                                                                                      ;
+---------+--------------+---------------------+---------------------+------------------------------+------------------------------+---------------------+---------------------+--------------------------------------+--------------------------------------+-----------------------------+-----------------------------+----------------------------+----------------------------+-----------------------------+-----------------------------+--------------------+--------------------+-------------------------------------+-------------------------------------+----------------------------+----------------------------+---------------------------+---------------------------+
; Pin     ; I/O Standard ; Board Delay on Rise ; Board Delay on Fall ; Steady State Voh at FPGA Pin ; Steady State Vol at FPGA Pin ; Voh Max at FPGA Pin ; Vol Min at FPGA Pin ; Ringback Voltage on Rise at FPGA Pin ; Ringback Voltage on Fall at FPGA Pin ; 10-90 Rise Time at FPGA Pin ; 90-10 Fall Time at FPGA Pin ; Monotonic Rise at FPGA Pin ; Monotonic Fall at FPGA Pin ; Steady State Voh at Far-end ; Steady State Vol at Far-end ; Voh Max at Far-end ; Vol Min at Far-end ; Ringback Voltage on Rise at Far-end ; Ringback Voltage on Fall at Far-end ; 10-90 Rise Time at Far-end ; 90-10 Fall Time at Far-end ; Monotonic Rise at Far-end ; Monotonic Fall at Far-end ;
+---------+--------------+---------------------+---------------------+------------------------------+------------------------------+---------------------+---------------------+--------------------------------------+--------------------------------------+-----------------------------+-----------------------------+----------------------------+----------------------------+-----------------------------+-----------------------------+--------------------+--------------------+-------------------------------------+-------------------------------------+----------------------------+----------------------------+---------------------------+---------------------------+
; Mod_out ; 2.5 V        ; 0 s                 ; 0 s                 ; 2.75 V                       ; 4.14e-06 V                   ; 2.91 V              ; -0.119 V            ; 0.326 V                              ; 0.298 V                              ; 2.74e-10 s                  ; 2.8e-10 s                   ; No                         ; No                         ; 2.75 V                      ; 4.14e-06 V                  ; 2.91 V             ; -0.119 V           ; 0.326 V                             ; 0.298 V                             ; 2.74e-10 s                 ; 2.8e-10 s                  ; No                        ; No                        ;
+---------+--------------+---------------------+---------------------+------------------------------+------------------------------+---------------------+---------------------+--------------------------------------+--------------------------------------+-----------------------------+-----------------------------+----------------------------+----------------------------+-----------------------------+-----------------------------+--------------------+--------------------+-------------------------------------+-------------------------------------+----------------------------+----------------------------+---------------------------+---------------------------+


+--------------------------------------------------------------------------------------------------------------------------------------------------------------------------------------------------------------------------------------------------------------------------------------------------------------------------------------------------------------------------------------------------------------------------------------------------------------------------------------------------------------------------------------------------------------------------------------------------------------------------------------------------------------------------------------+
; Signal Integrity Metrics (Fast 1100mv 85c Model)                                                                                                                                                                                                                                                                                                                                                                                                                                                                                                                                                                                                                                     ;
+---------+--------------+---------------------+---------------------+------------------------------+------------------------------+---------------------+---------------------+--------------------------------------+--------------------------------------+-----------------------------+-----------------------------+----------------------------+----------------------------+-----------------------------+-----------------------------+--------------------+--------------------+-------------------------------------+-------------------------------------+----------------------------+----------------------------+---------------------------+---------------------------+
; Pin     ; I/O Standard ; Board Delay on Rise ; Board Delay on Fall ; Steady State Voh at FPGA Pin ; Steady State Vol at FPGA Pin ; Voh Max at FPGA Pin ; Vol Min at FPGA Pin ; Ringback Voltage on Rise at FPGA Pin ; Ringback Voltage on Fall at FPGA Pin ; 10-90 Rise Time at FPGA Pin ; 90-10 Fall Time at FPGA Pin ; Monotonic Rise at FPGA Pin ; Monotonic Fall at FPGA Pin ; Steady State Voh at Far-end ; Steady State Vol at Far-end ; Voh Max at Far-end ; Vol Min at Far-end ; Ringback Voltage on Rise at Far-end ; Ringback Voltage on Fall at Far-end ; 10-90 Rise Time at Far-end ; 90-10 Fall Time at Far-end ; Monotonic Rise at Far-end ; Monotonic Fall at Far-end ;
+---------+--------------+---------------------+---------------------+------------------------------+------------------------------+---------------------+---------------------+--------------------------------------+--------------------------------------+-----------------------------+-----------------------------+----------------------------+----------------------------+-----------------------------+-----------------------------+--------------------+--------------------+-------------------------------------+-------------------------------------+----------------------------+----------------------------+---------------------------+---------------------------+
; Mod_out ; 2.5 V        ; 0 s                 ; 0 s                 ; 2.75 V                       ; 0.000242 V                   ; 2.86 V              ; -0.0805 V           ; 0.358 V                              ; 0.156 V                              ; 3.01e-10 s                  ; 4.34e-10 s                  ; No                         ; No                         ; 2.75 V                      ; 0.000242 V                  ; 2.86 V             ; -0.0805 V          ; 0.358 V                             ; 0.156 V                             ; 3.01e-10 s                 ; 4.34e-10 s                 ; No                        ; No                        ;
+---------+--------------+---------------------+---------------------+------------------------------+------------------------------+---------------------+---------------------+--------------------------------------+--------------------------------------+-----------------------------+-----------------------------+----------------------------+----------------------------+-----------------------------+-----------------------------+--------------------+--------------------+-------------------------------------+-------------------------------------+----------------------------+----------------------------+---------------------------+---------------------------+


+-------------------------------------------------------------------------------------------------------+
; Setup Transfers                                                                                       ;
+-----------------------------+-----------------------------+----------+----------+----------+----------+
; From Clock                  ; To Clock                    ; RR Paths ; FR Paths ; RF Paths ; FF Paths ;
+-----------------------------+-----------------------------+----------+----------+----------+----------+
; CLK                         ; CLK                         ; 2240     ; 0        ; 0        ; 0        ;
; RST                         ; CLK                         ; 1395     ; 690      ; 0        ; 0        ;
; SWNO:U1|MIDI_DATA[0]        ; CLK                         ; 13424    ; 0        ; 0        ; 0        ;
; SWNO:U1|MIDI_DATA[0]        ; RST                         ; 263      ; 0        ; 0        ; 0        ;
; SWNO:U1|DWN_CLK:U1|LO_CLK   ; SWNO:U1|DWN_CLK:U1|LO_CLK   ; 0        ; 0        ; 0        ; 4808     ;
; SWNO:U1|DWN_CLK:U1|LO_CLK   ; SWNO:U1|MIDI_DATA[0]        ; 0        ; 16       ; 0        ; 0        ;
; WAVGEN:U2|DWN_CLK:U2|LO_CLK ; WAVGEN:U2|DWN_CLK:U2|LO_CLK ; 1584     ; 32       ; 0        ; 0        ;
+-----------------------------+-----------------------------+----------+----------+----------+----------+
Entries labeled "false path" only account for clock-to-clock false paths and not path-based false paths. As a result, actual path counts may be lower than reported.


+-------------------------------------------------------------------------------------------------------+
; Hold Transfers                                                                                        ;
+-----------------------------+-----------------------------+----------+----------+----------+----------+
; From Clock                  ; To Clock                    ; RR Paths ; FR Paths ; RF Paths ; FF Paths ;
+-----------------------------+-----------------------------+----------+----------+----------+----------+
; CLK                         ; CLK                         ; 2240     ; 0        ; 0        ; 0        ;
; RST                         ; CLK                         ; 1395     ; 690      ; 0        ; 0        ;
; SWNO:U1|MIDI_DATA[0]        ; CLK                         ; 13424    ; 0        ; 0        ; 0        ;
; SWNO:U1|MIDI_DATA[0]        ; RST                         ; 263      ; 0        ; 0        ; 0        ;
; SWNO:U1|DWN_CLK:U1|LO_CLK   ; SWNO:U1|DWN_CLK:U1|LO_CLK   ; 0        ; 0        ; 0        ; 4808     ;
; SWNO:U1|DWN_CLK:U1|LO_CLK   ; SWNO:U1|MIDI_DATA[0]        ; 0        ; 16       ; 0        ; 0        ;
; WAVGEN:U2|DWN_CLK:U2|LO_CLK ; WAVGEN:U2|DWN_CLK:U2|LO_CLK ; 1584     ; 32       ; 0        ; 0        ;
+-----------------------------+-----------------------------+----------+----------+----------+----------+
Entries labeled "false path" only account for clock-to-clock false paths and not path-based false paths. As a result, actual path counts may be lower than reported.


+------------------------------------------------------------------------------------------------+
; Recovery Transfers                                                                             ;
+----------------------+-----------------------------+----------+----------+----------+----------+
; From Clock           ; To Clock                    ; RR Paths ; FR Paths ; RF Paths ; FF Paths ;
+----------------------+-----------------------------+----------+----------+----------+----------+
; RST                  ; CLK                         ; 63       ; 63       ; 0        ; 0        ;
; SWNO:U1|MIDI_DATA[0] ; CLK                         ; 27       ; 0        ; 0        ; 0        ;
; RST                  ; WAVGEN:U2|DWN_CLK:U2|LO_CLK ; 32       ; 32       ; 0        ; 0        ;
; SWNO:U1|MIDI_DATA[0] ; WAVGEN:U2|DWN_CLK:U2|LO_CLK ; 32       ; 0        ; 0        ; 0        ;
+----------------------+-----------------------------+----------+----------+----------+----------+
Entries labeled "false path" only account for clock-to-clock false paths and not path-based false paths. As a result, actual path counts may be lower than reported.


+------------------------------------------------------------------------------------------------+
; Removal Transfers                                                                              ;
+----------------------+-----------------------------+----------+----------+----------+----------+
; From Clock           ; To Clock                    ; RR Paths ; FR Paths ; RF Paths ; FF Paths ;
+----------------------+-----------------------------+----------+----------+----------+----------+
; RST                  ; CLK                         ; 63       ; 63       ; 0        ; 0        ;
; SWNO:U1|MIDI_DATA[0] ; CLK                         ; 27       ; 0        ; 0        ; 0        ;
; RST                  ; WAVGEN:U2|DWN_CLK:U2|LO_CLK ; 32       ; 32       ; 0        ; 0        ;
; SWNO:U1|MIDI_DATA[0] ; WAVGEN:U2|DWN_CLK:U2|LO_CLK ; 32       ; 0        ; 0        ; 0        ;
+----------------------+-----------------------------+----------+----------+----------+----------+
Entries labeled "false path" only account for clock-to-clock false paths and not path-based false paths. As a result, actual path counts may be lower than reported.


---------------
; Report TCCS ;
---------------
No dedicated SERDES Transmitter circuitry present in device or used in design


---------------
; Report RSKM ;
---------------
No non-DPA dedicated SERDES Receiver circuitry present in device or used in design


+------------------------------------------------+
; Unconstrained Paths Summary                    ;
+---------------------------------+-------+------+
; Property                        ; Setup ; Hold ;
+---------------------------------+-------+------+
; Illegal Clocks                  ; 0     ; 0    ;
; Unconstrained Clocks            ; 0     ; 0    ;
; Unconstrained Input Ports       ; 2     ; 2    ;
; Unconstrained Input Port Paths  ; 58    ; 58   ;
; Unconstrained Output Ports      ; 1     ; 1    ;
; Unconstrained Output Port Paths ; 11    ; 11   ;
+---------------------------------+-------+------+


+--------------------------------------------------------------------------------+
; Clock Status Summary                                                           ;
+-----------------------------+-----------------------------+------+-------------+
; Target                      ; Clock                       ; Type ; Status      ;
+-----------------------------+-----------------------------+------+-------------+
; CLK                         ; CLK                         ; Base ; Constrained ;
; RST                         ; RST                         ; Base ; Constrained ;
; SWNO:U1|DWN_CLK:U1|LO_CLK   ; SWNO:U1|DWN_CLK:U1|LO_CLK   ; Base ; Constrained ;
; SWNO:U1|MIDI_DATA[0]        ; SWNO:U1|MIDI_DATA[0]        ; Base ; Constrained ;
; WAVGEN:U2|DWN_CLK:U2|LO_CLK ; WAVGEN:U2|DWN_CLK:U2|LO_CLK ; Base ; Constrained ;
+-----------------------------+-----------------------------+------+-------------+


+---------------------------------------------------------------------------------------------------+
; Unconstrained Input Ports                                                                         ;
+------------+--------------------------------------------------------------------------------------+
; Input Port ; Comment                                                                              ;
+------------+--------------------------------------------------------------------------------------+
; MIDI_IN    ; No input delay, min/max delays, false-path exceptions, or max skew assignments found ;
; RST        ; No input delay, min/max delays, false-path exceptions, or max skew assignments found ;
+------------+--------------------------------------------------------------------------------------+


+-----------------------------------------------------------------------------------------------------+
; Unconstrained Output Ports                                                                          ;
+-------------+---------------------------------------------------------------------------------------+
; Output Port ; Comment                                                                               ;
+-------------+---------------------------------------------------------------------------------------+
; Mod_out     ; No output delay, min/max delays, false-path exceptions, or max skew assignments found ;
+-------------+---------------------------------------------------------------------------------------+


+---------------------------------------------------------------------------------------------------+
; Unconstrained Input Ports                                                                         ;
+------------+--------------------------------------------------------------------------------------+
; Input Port ; Comment                                                                              ;
+------------+--------------------------------------------------------------------------------------+
; MIDI_IN    ; No input delay, min/max delays, false-path exceptions, or max skew assignments found ;
; RST        ; No input delay, min/max delays, false-path exceptions, or max skew assignments found ;
+------------+--------------------------------------------------------------------------------------+


+-----------------------------------------------------------------------------------------------------+
; Unconstrained Output Ports                                                                          ;
+-------------+---------------------------------------------------------------------------------------+
; Output Port ; Comment                                                                               ;
+-------------+---------------------------------------------------------------------------------------+
; Mod_out     ; No output delay, min/max delays, false-path exceptions, or max skew assignments found ;
+-------------+---------------------------------------------------------------------------------------+


+--------------------------+
; Timing Analyzer Messages ;
+--------------------------+
Info: *******************************************************************
Info: Running Quartus Prime Timing Analyzer
    Info: Version 18.1.0 Build 625 09/12/2018 SJ Lite Edition
    Info: Processing started: Sun Dec 30 16:53:42 2018
Info: Command: quartus_sta pdm_synth -c pdm_synth
Info: qsta_default_script.tcl version: #1
Warning (18236): Number of processors has not been specified which may cause overloading on shared machines.  Set the global assignment NUM_PARALLEL_PROCESSORS in your QSF to an appropriate value for best performance.
Info (20030): Parallel compilation is enabled and will use 8 of the 8 processors detected
Info (21077): Low junction temperature is 0 degrees C
Info (21077): High junction temperature is 85 degrees C
Warning (335093): The Timing Analyzer is analyzing 56 combinational loops as latches. For more details, run the Check Timing command in the Timing Analyzer or view the "User-Specified and Inferred Latches" table in the Analysis & Synthesis report.
Critical Warning (332012): Synopsys Design Constraints File file not found: 'pdm_synth.sdc'. A Synopsys Design Constraints File is required by the Timing Analyzer to get proper timing constraints. Without it, the Compiler will not properly optimize the design.
Info (332142): No user constrained base clocks found in the design. Calling "derive_clocks -period 1.0"
Info (332105): Deriving Clocks
    Info (332105): create_clock -period 1.000 -name WAVGEN:U2|DWN_CLK:U2|LO_CLK WAVGEN:U2|DWN_CLK:U2|LO_CLK
    Info (332105): create_clock -period 1.000 -name SWNO:U1|DWN_CLK:U1|LO_CLK SWNO:U1|DWN_CLK:U1|LO_CLK
    Info (332105): create_clock -period 1.000 -name CLK CLK
    Info (332105): create_clock -period 1.000 -name RST RST
    Info (332105): create_clock -period 1.000 -name SWNO:U1|MIDI_DATA[0] SWNO:U1|MIDI_DATA[0]
Info (332143): No user constrained clock uncertainty found in the design. Calling "derive_clock_uncertainty"
Info (332123): Deriving Clock Uncertainty. Please refer to report_sdc in the Timing Analyzer to see clock uncertainties.
Info: Found TIMING_ANALYZER_REPORT_SCRIPT_INCLUDE_DEFAULT_ANALYSIS = ON
Info: Analyzing Slow 1100mV 85C Model
Critical Warning (332148): Timing requirements not met
    Info (11105): For recommendations on closing timing, run Report Timing Closure Recommendations in the Timing Analyzer.
Info (332146): Worst-case setup slack is -7.947
    Info (332119):     Slack       End Point TNS Clock 
    Info (332119): ========= =================== =====================
    Info (332119):    -7.947            -300.739 CLK 
    Info (332119):    -6.306             -74.578 RST 
    Info (332119):    -6.046            -175.217 WAVGEN:U2|DWN_CLK:U2|LO_CLK 
    Info (332119):    -4.456            -242.389 SWNO:U1|DWN_CLK:U1|LO_CLK 
    Info (332119):    -3.557             -15.223 SWNO:U1|MIDI_DATA[0] 
Info (332146): Worst-case hold slack is -2.345
    Info (332119):     Slack       End Point TNS Clock 
    Info (332119): ========= =================== =====================
    Info (332119):    -2.345              -7.445 RST 
    Info (332119):    -1.003              -2.926 SWNO:U1|MIDI_DATA[0] 
    Info (332119):    -0.544              -0.707 CLK 
    Info (332119):    -0.076              -0.115 WAVGEN:U2|DWN_CLK:U2|LO_CLK 
    Info (332119):     0.307               0.000 SWNO:U1|DWN_CLK:U1|LO_CLK 
Info (332146): Worst-case recovery slack is -4.133
    Info (332119):     Slack       End Point TNS Clock 
    Info (332119): ========= =================== =====================
    Info (332119):    -4.133            -122.679 WAVGEN:U2|DWN_CLK:U2|LO_CLK 
    Info (332119):    -3.874            -205.070 CLK 
Info (332146): Worst-case removal slack is 1.176
    Info (332119):     Slack       End Point TNS Clock 
    Info (332119): ========= =================== =====================
    Info (332119):     1.176               0.000 WAVGEN:U2|DWN_CLK:U2|LO_CLK 
    Info (332119):     1.321               0.000 CLK 
Info (332146): Worst-case minimum pulse width slack is -0.547
    Info (332119):     Slack       End Point TNS Clock 
    Info (332119): ========= =================== =====================
    Info (332119):    -0.547             -48.845 CLK 
    Info (332119):    -0.538             -45.129 SWNO:U1|DWN_CLK:U1|LO_CLK 
    Info (332119):     0.184               0.000 SWNO:U1|MIDI_DATA[0] 
    Info (332119):     0.243               0.000 WAVGEN:U2|DWN_CLK:U2|LO_CLK 
    Info (332119):     0.250               0.000 RST 
Info: Analyzing Slow 1100mV 0C Model
Info (334003): Started post-fitting delay annotation
Info (334004): Delay annotation completed successfully
Info (332123): Deriving Clock Uncertainty. Please refer to report_sdc in the Timing Analyzer to see clock uncertainties.
Critical Warning (332148): Timing requirements not met
    Info (11105): For recommendations on closing timing, run Report Timing Closure Recommendations in the Timing Analyzer.
Info (332146): Worst-case setup slack is -7.855
    Info (332119):     Slack       End Point TNS Clock 
    Info (332119): ========= =================== =====================
    Info (332119):    -7.855            -298.839 CLK 
    Info (332119):    -6.295             -73.275 RST 
    Info (332119):    -6.028            -176.729 WAVGEN:U2|DWN_CLK:U2|LO_CLK 
    Info (332119):    -4.403            -238.157 SWNO:U1|DWN_CLK:U1|LO_CLK 
    Info (332119):    -3.531             -14.801 SWNO:U1|MIDI_DATA[0] 
Info (332146): Worst-case hold slack is -2.336
    Info (332119):     Slack       End Point TNS Clock 
    Info (332119): ========= =================== =====================
    Info (332119):    -2.336              -8.446 RST 
    Info (332119):    -1.060              -3.126 SWNO:U1|MIDI_DATA[0] 
    Info (332119):    -0.682              -1.179 CLK 
    Info (332119):    -0.092              -0.092 WAVGEN:U2|DWN_CLK:U2|LO_CLK 
    Info (332119):     0.344               0.000 SWNO:U1|DWN_CLK:U1|LO_CLK 
Info (332146): Worst-case recovery slack is -4.141
    Info (332119):     Slack       End Point TNS Clock 
    Info (332119): ========= =================== =====================
    Info (332119):    -4.141            -122.108 WAVGEN:U2|DWN_CLK:U2|LO_CLK 
    Info (332119):    -3.794            -183.837 CLK 
Info (332146): Worst-case removal slack is 1.012
    Info (332119):     Slack       End Point TNS Clock 
    Info (332119): ========= =================== =====================
    Info (332119):     1.012               0.000 CLK 
    Info (332119):     1.152               0.000 WAVGEN:U2|DWN_CLK:U2|LO_CLK 
Info (332146): Worst-case minimum pulse width slack is -0.600
    Info (332119):     Slack       End Point TNS Clock 
    Info (332119): ========= =================== =====================
    Info (332119):    -0.600             -50.224 CLK 
    Info (332119):    -0.538             -45.125 SWNO:U1|DWN_CLK:U1|LO_CLK 
    Info (332119):     0.218               0.000 SWNO:U1|MIDI_DATA[0] 
    Info (332119):     0.273               0.000 RST 
    Info (332119):     0.277               0.000 WAVGEN:U2|DWN_CLK:U2|LO_CLK 
Info: Analyzing Fast 1100mV 85C Model
Info (334003): Started post-fitting delay annotation
Info (334004): Delay annotation completed successfully
Info (332123): Deriving Clock Uncertainty. Please refer to report_sdc in the Timing Analyzer to see clock uncertainties.
Critical Warning (332148): Timing requirements not met
    Info (11105): For recommendations on closing timing, run Report Timing Closure Recommendations in the Timing Analyzer.
Info (332146): Worst-case setup slack is -3.888
    Info (332119):     Slack       End Point TNS Clock 
    Info (332119): ========= =================== =====================
    Info (332119):    -3.888            -131.831 CLK 
    Info (332119):    -3.148             -36.388 RST 
    Info (332119):    -2.522             -69.917 WAVGEN:U2|DWN_CLK:U2|LO_CLK 
    Info (332119):    -1.811             -97.464 SWNO:U1|DWN_CLK:U1|LO_CLK 
    Info (332119):    -1.500              -5.405 SWNO:U1|MIDI_DATA[0] 
Info (332146): Worst-case hold slack is -1.249
    Info (332119):     Slack       End Point TNS Clock 
    Info (332119): ========= =================== =====================
    Info (332119):    -1.249              -3.533 RST 
    Info (332119):    -0.488              -1.503 SWNO:U1|MIDI_DATA[0] 
    Info (332119):    -0.452              -1.002 CLK 
    Info (332119):     0.084               0.000 WAVGEN:U2|DWN_CLK:U2|LO_CLK 
    Info (332119):     0.128               0.000 SWNO:U1|DWN_CLK:U1|LO_CLK 
Info (332146): Worst-case recovery slack is -2.861
    Info (332119):     Slack       End Point TNS Clock 
    Info (332119): ========= =================== =====================
    Info (332119):    -2.861            -120.117 CLK 
    Info (332119):    -1.963             -59.196 WAVGEN:U2|DWN_CLK:U2|LO_CLK 
Info (332146): Worst-case removal slack is 0.475
    Info (332119):     Slack       End Point TNS Clock 
    Info (332119): ========= =================== =====================
    Info (332119):     0.475               0.000 CLK 
    Info (332119):     0.592               0.000 WAVGEN:U2|DWN_CLK:U2|LO_CLK 
Info (332146): Worst-case minimum pulse width slack is -0.507
    Info (332119):     Slack       End Point TNS Clock 
    Info (332119): ========= =================== =====================
    Info (332119):    -0.507              -6.354 CLK 
    Info (332119):    -0.045              -0.045 SWNO:U1|DWN_CLK:U1|LO_CLK 
    Info (332119):     0.000               0.000 RST 
    Info (332119):     0.238               0.000 SWNO:U1|MIDI_DATA[0] 
    Info (332119):     0.328               0.000 WAVGEN:U2|DWN_CLK:U2|LO_CLK 
Info: Analyzing Fast 1100mV 0C Model
Info (332123): Deriving Clock Uncertainty. Please refer to report_sdc in the Timing Analyzer to see clock uncertainties.
Critical Warning (332148): Timing requirements not met
    Info (11105): For recommendations on closing timing, run Report Timing Closure Recommendations in the Timing Analyzer.
Info (332146): Worst-case setup slack is -3.255
    Info (332119):     Slack       End Point TNS Clock 
    Info (332119): ========= =================== =====================
    Info (332119):    -3.255            -114.455 CLK 
    Info (332119):    -2.664             -30.155 RST 
    Info (332119):    -2.167             -60.779 WAVGEN:U2|DWN_CLK:U2|LO_CLK 
    Info (332119):    -1.600             -86.030 SWNO:U1|DWN_CLK:U1|LO_CLK 
    Info (332119):    -1.363              -4.781 SWNO:U1|MIDI_DATA[0] 
Info (332146): Worst-case hold slack is -1.190
    Info (332119):     Slack       End Point TNS Clock 
    Info (332119): ========= =================== =====================
    Info (332119):    -1.190              -3.780 RST 
    Info (332119):    -0.559              -2.916 CLK 
    Info (332119):    -0.440              -1.285 SWNO:U1|MIDI_DATA[0] 
    Info (332119):     0.073               0.000 WAVGEN:U2|DWN_CLK:U2|LO_CLK 
    Info (332119):     0.127               0.000 SWNO:U1|DWN_CLK:U1|LO_CLK 
Info (332146): Worst-case recovery slack is -2.551
    Info (332119):     Slack       End Point TNS Clock 
    Info (332119): ========= =================== =====================
    Info (332119):    -2.551            -101.768 CLK 
    Info (332119):    -1.880             -56.598 WAVGEN:U2|DWN_CLK:U2|LO_CLK 
Info (332146): Worst-case removal slack is 0.285
    Info (332119):     Slack       End Point TNS Clock 
    Info (332119): ========= =================== =====================
    Info (332119):     0.285               0.000 CLK 
    Info (332119):     0.525               0.000 WAVGEN:U2|DWN_CLK:U2|LO_CLK 
Info (332146): Worst-case minimum pulse width slack is -0.511
    Info (332119):     Slack       End Point TNS Clock 
    Info (332119): ========= =================== =====================
    Info (332119):    -0.511              -6.547 CLK 
    Info (332119):    -0.022              -0.022 SWNO:U1|DWN_CLK:U1|LO_CLK 
    Info (332119):    -0.001              -0.001 RST 
    Info (332119):     0.287               0.000 SWNO:U1|MIDI_DATA[0] 
    Info (332119):     0.355               0.000 WAVGEN:U2|DWN_CLK:U2|LO_CLK 
Info (332102): Design is not fully constrained for setup requirements
Info (332102): Design is not fully constrained for hold requirements
Info: Quartus Prime Timing Analyzer was successful. 0 errors, 7 warnings
    Info: Peak virtual memory: 5140 megabytes
    Info: Processing ended: Sun Dec 30 16:53:48 2018
    Info: Elapsed time: 00:00:06
    Info: Total CPU time (on all processors): 00:00:08


